use data/2018avocado.csv
region,Date,type,AveragePrice,Total Volume,4046,4225,4770,Total Bags,Small Bags,Large Bags,XLarge Bags
Baltimore/Washington,2018-01-01 0:00,Conventional,1.15,849487.62,66628.66,519460.2,4920.46,258478.3,245665.84,12812.46,0
Baltimore/Washington,2018-01-07 0:00,Conventional,1.5,771313.78,89883.07,466602.79,4167.07,210660.85,189304.53,21356.32,0
Baltimore/Washington,2018-01-14 0:00,Conventional,1.49,799726.89,91785.6,485963.15,4234.82,217743.32,212956.99,4783,3.33
Baltimore/Washington,2018-01-21 0:00,Conventional,1.18,1102213.13,129351.87,659069.49,4321.42,309470.35,304382.22,5088.13,0
Baltimore/Washington,2018-01-28 0:00,Conventional,1.12,1152539.42,115283.7,805041.45,4257.45,227956.82,225931.13,2019.02,6.67
Baltimore/Washington,2018-02-04 0:00,Conventional,1.12,1225103.27,139312.12,708495.55,5611.56,371684.04,369085.25,2512.13,86.66
Baltimore/Washington,2018-02-11 0:00,Conventional,1.41,900558.38,112222.95,545365.67,4700.52,238269.24,233808.41,4287.5,173.33
Baltimore/Washington,2018-02-18 0:00,Conventional,1.42,796515.52,92816.97,487724.44,4694.08,211280.03,206322.72,4030.64,926.67
Baltimore/Washington,2018-02-25 0:00,Conventional,1.37,836294.71,104218.01,479773.13,4765.7,247537.87,243370.62,3930.59,236.66
Baltimore/Washington,2018-03-04 0:00,Conventional,1.25,988572.63,102687.68,619501.22,5269.13,261114.6,256822.62,4225.31,66.67
Baltimore/Washington,2018-03-11 0:00,Conventional,1.36,874780.27,104341.22,484252.62,4933.91,281252.52,278834,2348.52,70
Baltimore/Washington,2018-03-18 0:00,Conventional,1.16,1113242.82,114754.38,505245.36,5034.83,488208.25,483402.85,2918.73,1886.67
Baltimore/Washington,2018-03-25 0:00,Conventional,1.23,986038.75,108250.52,591934.75,4205.03,281648.45,277508.08,2777.04,1363.33
Baltimore/Washington,2018-04-01 0:00,Conventional,1.32,869885.02,95842.9,501275.77,4827.96,267938.39,262162.82,5738.91,36.66
Baltimore/Washington,2018-04-08 0:00,Conventional,1.28,908413.46,95809.46,544248.7,5203.48,263151.82,254897,8061.49,193.33
Baltimore/Washington,2018-04-15 0:00,Conventional,1.3,958548.11,114200.22,555861.5,4804.81,283681.58,272289.23,9982.35,1410
Baltimore/Washington,2018-04-22 0:00,Conventional,1.45,914526.47,99934.92,519573.67,5397,289620.88,280137.35,7900.2,1583.33
Baltimore/Washington,2018-04-29 0:00,Conventional,1.11,1256281.65,112374.92,854671.32,6209.62,283025.79,270669.27,12296.52,60
Baltimore/Washington,2018-05-06 0:00,Conventional,1.04,1416788.72,144669.46,875764.21,7636.36,388718.69,374342.77,14182.59,193.33
Baltimore/Washington,2018-05-13 0:00,Conventional,1.21,1100047.2,110543.5,710433.19,16919.57,262150.94,249688.08,12366.19,96.67
Baltimore/Washington,2018-05-20 0:00,Conventional,1.42,930182.46,107557.84,560449.17,7101.33,255074.12,244739.53,10251.26,83.33
Baltimore/Washington,2018-05-27 0:00,Conventional,1.23,1109468.71,111335.31,735347.29,6803.09,255983.02,244903.92,10992.43,86.67
Baltimore/Washington,2018-06-03 0:00,Conventional,1.47,945095.36,106069.57,559578.42,5921.04,273526.33,256031.45,17438.21,56.67
Baltimore/Washington,2018-06-10 0:00,Conventional,1.24,1094959.31,123990.46,715941.37,5495.36,249532.12,232258.84,17212.17,61.11
Baltimore/Washington,2018-06-17 0:00,Conventional,1.45,953696.55,95090,567877,15505.93,275223.62,257459.12,17724.5,40
Baltimore/Washington,2018-06-24 0:00,Conventional,1.41,899708.26,91124.66,536667.25,9455.61,262460.74,246474.74,15072.67,913.33
Baltimore/Washington,2018-07-01 0:00,Conventional,1.42,953414.48,93401.87,582011.8,6402.97,271597.84,236616.15,32301.69,2680
Baltimore/Washington,2018-07-08 0:00,Conventional,1.38,1005050.62,96573.58,588296.98,6248.04,313932.02,268957.55,38811.13,6163.34
Baltimore/Washington,2018-07-15 0:00,Conventional,1.44,873112.54,87611.76,503306.08,5482.35,276712.35,260145.22,13587.14,2979.99
Baltimore/Washington,2018-07-22 0:00,Conventional,1.42,869102.95,89851.9,503855.69,6540.95,268854.41,243741,21406.74,3706.67
Baltimore/Washington,2018-07-29 0:00,Conventional,1.29,931839.95,87148.03,577941.57,5162.44,261587.91,242502.1,14622.48,4463.33
Baltimore/Washington,2018-08-05 0:00,Conventional,1.45,848996.62,91569.97,457904.22,11508.04,288014.39,270154.97,13206.09,4653.33
Baltimore/Washington,2018-08-12 0:00,Conventional,1.15,967260.88,100835.48,533958.53,52940.95,279525.92,263286.49,10806.09,5433.34
Baltimore/Washington,2018-08-19 0:00,Conventional,1.39,814263.75,107119.73,404492.25,36015.22,266636.55,245298.89,15764.33,5573.33
Baltimore/Washington,2018-08-26 0:00,Conventional,1.28,948178.03,99653.07,570649.74,14456.59,263418.63,234799.09,23586.21,5033.33
Baltimore/Washington,2018-09-02 0:00,Conventional,1.29,956751.01,92808.37,567535.15,10592.5,285814.99,267241.58,12753.41,5820
Baltimore/Washington,2018-09-09 0:00,Conventional,1.28,971492.37,95919.85,588902.64,8390.67,278279.21,253859.97,18962.58,5456.66
Baltimore/Washington,2018-09-16 0:00,Conventional,1.43,858072.67,80353.62,488194.05,9173.85,280351.15,263963.42,13538.84,2848.89
Baltimore/Washington,2018-09-23 0:00,Conventional,1.42,777137.6,79534.38,418523.96,8790.66,270288.6,255711.24,7622.92,6954.44
Baltimore/Washington,2018-09-30 0:00,Conventional,1.32,813499.6,75647.99,467505.15,8651.25,261695.21,250534.52,8535.13,2625.56
Baltimore/Washington,2018-10-07 0:00,Conventional,1.43,784163.78,80059.56,425272.03,8581.78,270250.41,262516.99,7730.09,3.33
Baltimore/Washington,2018-10-14 0:00,Conventional,1.44,794155.73,81199.87,440761.32,8256.95,263937.59,252909.86,11024.4,3.33
Baltimore/Washington,2018-10-21 0:00,Conventional,1.41,747505.17,97523.99,409910.22,8270.42,231800.54,215697.88,16095.99,6.67
Baltimore/Washington,2018-10-28 0:00,Conventional,1.22,919192.26,82444.91,501435.65,7663.83,327647.87,313147.4,14493.8,6.67
Baltimore/Washington,2018-11-04 0:00,Conventional,1.35,742322.93,105404.28,399167.02,7781.22,229970.41,215018.62,14951.79,0
Baltimore/Washington,2018-11-11 0:00,Conventional,1.4,747206.67,92447.52,400208.63,8816.75,245733.77,232039.84,13687.26,6.67
Baltimore/Washington,2018-11-18 0:00,Conventional,1.44,665724,71571.62,351450.91,5949.38,236752.09,223313.83,13434.93,3.33
Baltimore/Washington,2018-11-25 0:00,Conventional,1.53,571690.86,50329.41,338537.96,5490.31,177333.18,161506.21,15826.97,0
Baltimore/Washington,2018-12-02 0:00,Conventional,1.55,567588.85,54750.49,334117.78,5965.76,172754.82,158455.31,14296.18,3.33
Buffalo/Rochester,2018-01-01 0:00,Conventional,1.27,115508.29,5924.57,62632.07,25,46926.65,37397.52,9529.13,0
Buffalo/Rochester,2018-01-07 0:00,Conventional,1.28,161876.76,8645.3,92302.56,56.67,60872.23,12248.04,48624.19,0
Buffalo/Rochester,2018-01-14 0:00,Conventional,1.32,159070.65,8239.41,80916.85,40.26,69874.13,27693.23,42180.9,0
Buffalo/Rochester,2018-01-21 0:00,Conventional,1.29,161887.27,8269.77,75965.53,61.69,77590.28,26340.41,51249.87,0
Buffalo/Rochester,2018-01-28 0:00,Conventional,1.27,158637.92,8099.96,76070.49,96.23,74371.24,12060.74,62156.06,154.44
Buffalo/Rochester,2018-02-04 0:00,Conventional,1.32,188654.47,13478.37,99364.48,84.19,75727.43,14935.4,60228.7,563.33
Buffalo/Rochester,2018-02-11 0:00,Conventional,1.27,151057.53,12749.59,74595.11,84.21,63628.62,41236.05,21391.46,1001.11
Buffalo/Rochester,2018-02-18 0:00,Conventional,1.28,144087.48,10951.83,66055.96,74.08,67005.61,32089.56,34562.71,353.34
Buffalo/Rochester,2018-02-25 0:00,Conventional,1.23,151330.38,12862.56,69046.27,64.77,69356.78,43442.45,25218.77,695.56
Buffalo/Rochester,2018-03-04 0:00,Conventional,1.19,168190.37,13533.32,75344.69,67.47,79244.89,23485.14,55219.75,540
Buffalo/Rochester,2018-03-11 0:00,Conventional,1.16,185174.55,18057.75,83259.03,57.09,83800.68,41026.82,41959.42,814.44
Buffalo/Rochester,2018-03-18 0:00,Conventional,1.14,166358.32,16300.2,70320.66,63.65,79673.81,22589.43,56334.38,750
Buffalo/Rochester,2018-03-25 0:00,Conventional,1.21,163592.4,18266.89,82910.91,80.6,62334,20541.67,41090.1,702.23
Buffalo/Rochester,2018-04-01 0:00,Conventional,1.14,182370.96,15659.02,75336.36,88.82,91286.76,42434.84,47977.48,874.44
Buffalo/Rochester,2018-04-08 0:00,Conventional,1.14,160996.94,13539,67384.31,110.12,79963.51,39798.97,39471.2,693.34
Buffalo/Rochester,2018-04-15 0:00,Conventional,1.15,210061.4,17830.24,93723.87,96.54,98410.75,17320.7,80443.38,646.67
Buffalo/Rochester,2018-04-22 0:00,Conventional,1.16,191053.48,14973.6,79210.03,99.82,96770.03,22155.75,73860.94,753.34
Buffalo/Rochester,2018-04-29 0:00,Conventional,1.16,193797.84,18315.85,82542.49,64.56,92874.94,17134.64,75085.86,654.44
Buffalo/Rochester,2018-05-06 0:00,Conventional,1.12,223134,17063.47,105108.38,128.05,100834.1,18250.94,81503.16,1080
Buffalo/Rochester,2018-05-13 0:00,Conventional,1.13,204317.09,18256.01,84677.89,106.28,101276.91,27283.72,73149.86,843.33
Buffalo/Rochester,2018-05-20 0:00,Conventional,1.17,180612.53,13760.66,76674.02,58.53,90119.32,18276.47,70992.85,850
Buffalo/Rochester,2018-05-27 0:00,Conventional,1.18,206853.82,18639.95,95843.12,137.59,92233.16,17471.5,74082.77,678.89
Buffalo/Rochester,2018-06-03 0:00,Conventional,1.16,211776.68,16898.68,88289.85,53.24,106534.91,32384.38,73424.98,725.55
Buffalo/Rochester,2018-06-10 0:00,Conventional,1.14,208926.29,16934.14,75254.12,48.26,116689.77,80130.83,35496.72,1062.22
Buffalo/Rochester,2018-06-17 0:00,Conventional,1.17,225383.85,16525.15,90231.84,62.93,118563.93,45977.81,71899.46,686.66
Buffalo/Rochester,2018-06-24 0:00,Conventional,1.15,195244.06,16216.28,76782.07,214.46,102031.25,19790.88,81553.7,686.67
Buffalo/Rochester,2018-07-01 0:00,Conventional,1.15,200352.32,16371.69,85217.92,51.17,98711.54,61584.25,36873.95,253.34
Buffalo/Rochester,2018-07-08 0:00,Conventional,1.09,218131.08,12654.43,85914.1,17.59,119544.96,44942.22,73749.41,853.33
Buffalo/Rochester,2018-07-15 0:00,Conventional,1.16,189577.39,7065.06,86732.13,27.22,95752.98,69147.09,25845.89,760
Buffalo/Rochester,2018-07-22 0:00,Conventional,1.16,173973.43,5548.63,70648.79,35.79,97740.22,61256.99,35913.23,570
Buffalo/Rochester,2018-07-29 0:00,Conventional,1.17,175666.82,5797.7,73719.33,45.27,96104.52,78448.9,16982.29,673.33
Buffalo/Rochester,2018-08-05 0:00,Conventional,1.17,177024.17,5057.7,77126.7,22.71,94817.06,87459.63,6440.76,916.67
Buffalo/Rochester,2018-08-12 0:00,Conventional,1.18,172355.1,5076.74,75565.58,10,91702.78,83731.55,7014.56,956.67
Buffalo/Rochester,2018-08-19 0:00,Conventional,1.14,172639.62,6161.64,70147.11,612.64,95718.23,84827.33,9877.56,1013.34
Buffalo/Rochester,2018-08-26 0:00,Conventional,1.13,170230.04,5077.87,69471.95,988.63,94691.59,87630.57,5867.69,1193.33
Buffalo/Rochester,2018-09-02 0:00,Conventional,1.16,169503.6,6334.96,66341.53,579.14,96247.97,85208.57,10012.73,1026.67
Buffalo/Rochester,2018-09-09 0:00,Conventional,1.14,181895.83,5875.23,81113.53,668.76,94238.31,85423.13,7305.18,1510
Buffalo/Rochester,2018-09-16 0:00,Conventional,1.1,166703.75,4907.84,69080.07,396.34,92319.5,79007.56,12521.94,790
Buffalo/Rochester,2018-09-23 0:00,Conventional,1.11,164367.61,4467.15,72264.98,541.03,87094.45,79229.23,6625.22,1240
Buffalo/Rochester,2018-09-30 0:00,Conventional,1.12,152205.05,3837.27,64144.74,656.26,83566.78,76818.61,6234.84,513.33
Buffalo/Rochester,2018-10-07 0:00,Conventional,1.15,159358.71,4324.5,74845.54,634.88,79553.79,73646.87,5906.92,0
Buffalo/Rochester,2018-10-14 0:00,Conventional,1.14,161255.94,4196.7,63358.63,961.94,92738.67,81346.75,11391.92,0
Buffalo/Rochester,2018-10-21 0:00,Conventional,1.15,155788.83,4499.08,69748.99,173.33,81367.43,74108.52,7255.58,3.33
Buffalo/Rochester,2018-10-28 0:00,Conventional,1.16,154327.26,5575.43,68084.71,134.55,80532.57,71525.22,9007.35,0
Buffalo/Rochester,2018-11-04 0:00,Conventional,1.13,155351.45,8590.13,64468.66,166.94,82125.72,48707.7,33418.02,0
Buffalo/Rochester,2018-11-11 0:00,Conventional,1.12,165509.37,11100.48,65526.17,193.38,88689.34,52171.28,36511.39,6.67
Buffalo/Rochester,2018-11-18 0:00,Conventional,1.16,146651.06,9540.71,58570.94,112.73,78426.68,68237.06,10189.62,0
Buffalo/Rochester,2018-11-25 0:00,Conventional,1.63,93487.87,11508.76,48937.58,103.29,32938.24,21408.06,11530.18,0
Buffalo/Rochester,2018-12-02 0:00,Conventional,1.37,129116.98,22408.86,48588.95,151.84,57967.33,30327.87,27639.46,0
