use data/2018avocado.csv
region,Date,type,AveragePrice,Total Volume,4046,4225,4770,Total Bags,Small Bags,Large Bags,XLarge Bags
Cincinnati/Dayton,2018-01-01 0:00,Conventional,0.86,278128.16,86072.67,43570.02,18071.02,130414.45,120022.99,10142.47,248.99
Cincinnati/Dayton,2018-01-07 0:00,Conventional,0.91,303592.92,98045.53,37713.62,18889.29,148944.48,130642.78,18046.8,254.9
Cincinnati/Dayton,2018-01-14 0:00,Conventional,1.15,243366.13,59620.01,30542.73,19975.22,133228.17,123961.02,9260.42,6.73
Cincinnati/Dayton,2018-01-21 0:00,Conventional,0.89,321809.3,92142.87,54830.94,12823.81,162011.68,148818.14,13170.73,22.81
Cincinnati/Dayton,2018-01-28 0:00,Conventional,0.92,281913.49,78131.98,27858.19,11786.66,164136.66,155062.73,9071.23,2.7
Cincinnati/Dayton,2018-02-04 0:00,Conventional,0.76,380214.74,102019.45,67966.25,13825.01,196404.03,165544.38,29548.07,1311.58
Cincinnati/Dayton,2018-02-11 0:00,Conventional,0.8,305400.41,98065.66,31216.87,11211.24,164906.64,124062.8,34478.97,6364.87
Cincinnati/Dayton,2018-02-18 0:00,Conventional,0.83,231729.88,71473.92,15783.23,7110.53,137362.2,108121.76,28080.54,1159.9
Cincinnati/Dayton,2018-02-25 0:00,Conventional,1.03,263363.41,59106.97,31605.03,9097.03,163554.38,135219.03,24337.13,3998.22
Cincinnati/Dayton,2018-03-04 0:00,Conventional,1.02,265942.15,69312.67,20912.27,9651.63,166065.58,146627.38,14918.25,4519.95
Cincinnati/Dayton,2018-03-11 0:00,Conventional,1.01,275804.74,65139.45,22713.79,10175.31,177776.19,146773.92,30140.64,861.63
Cincinnati/Dayton,2018-03-18 0:00,Conventional,1.07,245062.31,68444.95,16626.16,10114.52,149876.68,119963.26,25174.42,4739
Cincinnati/Dayton,2018-03-25 0:00,Conventional,1.08,277267.97,70493.35,27183.18,9616.52,169974.92,140702.4,20939.89,8332.63
Cincinnati/Dayton,2018-04-01 0:00,Conventional,1.14,250601.42,56254.86,19733.62,9396.39,165216.55,131235.3,31735.83,2245.42
Cincinnati/Dayton,2018-04-08 0:00,Conventional,0.94,351241.89,54491.21,18162.42,44166.3,234421.96,193595.35,29783.51,11043.1
Cincinnati/Dayton,2018-04-15 0:00,Conventional,0.97,341535.22,55720.17,33002.23,41729.76,211083.06,158827.32,44195.58,8060.16
Cincinnati/Dayton,2018-04-22 0:00,Conventional,0.87,362097.37,92304.18,21507.69,11339.02,236946.48,210216.96,26615.49,114.03
Cincinnati/Dayton,2018-04-29 0:00,Conventional,0.89,328610.51,79271.94,26266.39,9349.53,213722.65,197690.65,15890.08,141.92
Cincinnati/Dayton,2018-05-06 0:00,Conventional,0.73,505491.26,149794.12,50908.39,17667.4,287121.35,264709.59,22334.4,77.36
Cincinnati/Dayton,2018-05-13 0:00,Conventional,0.84,306515.57,98402.02,27297.53,14751.47,166064.55,150412.67,15576.37,75.51
Cincinnati/Dayton,2018-05-20 0:00,Conventional,1.05,275586.88,71928.33,24159.82,12789.64,166709.09,153908.58,12766.19,34.32
Cincinnati/Dayton,2018-05-27 0:00,Conventional,1.12,306634.72,65255.22,26542.04,14080.42,200757.04,177146,23580.98,30.06
Cincinnati/Dayton,2018-06-03 0:00,Conventional,1.11,282388.21,62242.81,28916.8,12569.37,178659.23,155160.15,23457.53,41.55
Cincinnati/Dayton,2018-06-10 0:00,Conventional,1.1,299406.76,69694.52,26000.93,20288.47,183422.84,159219.32,24199.36,4.16
Cincinnati/Dayton,2018-06-17 0:00,Conventional,1.07,313431.35,63710.5,24032.61,24809.63,200878.61,175343.76,23157.54,2377.31
Cincinnati/Dayton,2018-06-24 0:00,Conventional,0.89,369836.93,86201.21,52866.41,15316.63,215452.68,188688.16,20910.76,5853.76
Cincinnati/Dayton,2018-07-01 0:00,Conventional,0.91,335371.41,71624.52,26365.23,18980.13,218401.53,199729.53,18383.63,288.37
Cincinnati/Dayton,2018-07-08 0:00,Conventional,0.97,316865.81,74738.78,26964.68,23401.51,191760.84,164231,27006.68,523.16
Cincinnati/Dayton,2018-07-15 0:00,Conventional,0.95,300718.01,76336.14,25688.49,14175.72,184517.66,153147.29,30950.08,420.29
Cincinnati/Dayton,2018-07-22 0:00,Conventional,1.11,300814.67,54308.41,46644.47,18903.74,180958.05,161659.22,18944.03,354.8
Cincinnati/Dayton,2018-07-29 0:00,Conventional,0.96,337490.81,77512.23,18451.15,12767.72,228759.71,207592.13,16276.33,4891.25
Cincinnati/Dayton,2018-08-05 0:00,Conventional,1.01,284896.9,68044.72,21408.43,13327.86,182115.89,168905.07,8365.59,4845.23
Cincinnati/Dayton,2018-08-12 0:00,Conventional,1.3,265908.68,52475.52,34362.92,13622.79,165447.45,129886.93,32458.46,3102.06
Cincinnati/Dayton,2018-08-19 0:00,Conventional,1.19,329813.07,53302.15,60696.71,12804.24,203009.97,180273.22,18081.04,4655.71
Cincinnati/Dayton,2018-08-26 0:00,Conventional,1.35,284019.25,47629.81,26327.48,15177.29,194884.67,173260.56,20805.25,818.86
Cincinnati/Dayton,2018-09-02 0:00,Conventional,1.26,271666.55,46331.19,38399.64,14379.7,172556.02,147501.74,20299.95,4754.33
Cincinnati/Dayton,2018-09-09 0:00,Conventional,1.4,271916.45,51075.54,46278.43,11362.23,163200.25,132819.52,26855.04,3525.69
Cincinnati/Dayton,2018-09-16 0:00,Conventional,1.45,224214.91,44596.19,31773.78,9638.64,138206.3,112734.6,24690.44,781.26
Cincinnati/Dayton,2018-09-23 0:00,Conventional,1.15,273912.79,60090.27,24085.95,10212.33,179524.24,161705.99,16919.25,899
Cincinnati/Dayton,2018-09-30 0:00,Conventional,1.17,278843.96,64843.31,23400.31,13310.61,177289.73,165232.39,11338.81,718.53
Cincinnati/Dayton,2018-10-07 0:00,Conventional,1.04,331854.59,52632.48,48226.35,11180.88,219814.88,192197.28,27555.38,62.22
Cincinnati/Dayton,2018-10-14 0:00,Conventional,0.82,321472.25,92445.05,23828.5,8988.66,196210.04,173216.93,22988.85,4.26
Cincinnati/Dayton,2018-10-21 0:00,Conventional,0.77,336229.2,83415,14207.78,8254.19,230352.23,195094.69,35257.54,0
Cincinnati/Dayton,2018-10-28 0:00,Conventional,0.97,309264.51,57631.39,26490.62,8892,216250.5,180495.05,29744.83,6010.62
Cincinnati/Dayton,2018-11-04 0:00,Conventional,0.99,260985.58,61872.78,18828.87,8157.13,172126.8,159056.88,12570.69,499.23
Cincinnati/Dayton,2018-11-11 0:00,Conventional,0.85,328806.95,86827.41,25678.65,9295.59,207005.3,195146,11831.65,27.65
Cincinnati/Dayton,2018-11-18 0:00,Conventional,0.99,225826.72,67518.01,17779.22,8566.79,131962.7,115511.37,9819.37,6631.96
Cincinnati/Dayton,2018-11-25 0:00,Conventional,1.03,171269.56,43444.44,13984.16,6117.56,107723.4,88408.95,19011.66,302.79
Cincinnati/Dayton,2018-12-02 0:00,Conventional,0.96,238985.42,51785.33,17363.91,9011.72,160824.46,140055.53,20694.84,74.09
Dallas/Ft. Worth,2018-01-01 0:00,Conventional,0.9,1116393.2,481105.48,307423.18,4818.24,323046.3,161254.88,161616.45,174.97
Dallas/Ft. Worth,2018-01-07 0:00,Conventional,0.92,1140210.38,587439.51,258369.66,5543.59,288857.62,183640.29,104915.08,302.25
Dallas/Ft. Worth,2018-01-14 0:00,Conventional,0.93,1333180.68,677477.52,316020.36,7862.07,331820.73,240134.19,91381.56,304.98
Dallas/Ft. Worth,2018-01-21 0:00,Conventional,0.85,1437239.09,728035,216211.98,6291.83,486700.28,410340.65,76287.17,72.46
Dallas/Ft. Worth,2018-01-28 0:00,Conventional,0.82,1433095.36,781164.88,187033.59,5596.69,459300.2,378776.69,80095.8,427.71
Dallas/Ft. Worth,2018-02-04 0:00,Conventional,0.67,1885401.44,855815.37,340887.07,6655.47,682043.53,583353.2,86725.24,11965.09
Dallas/Ft. Worth,2018-02-11 0:00,Conventional,0.72,1553404.16,768415.85,212945.5,5327.13,566715.68,461849.3,87861.7,17004.68
Dallas/Ft. Worth,2018-02-18 0:00,Conventional,0.77,1421970.53,780856.19,250380.23,5033.93,385700.18,268220.8,102051.19,15428.19
Dallas/Ft. Worth,2018-02-25 0:00,Conventional,0.74,1616898.5,807933.71,231111.57,6306.38,571546.84,477107.45,75376.35,19063.04
Dallas/Ft. Worth,2018-03-04 0:00,Conventional,0.77,1501141.58,673535.25,263895.18,6341.68,557369.47,449577.44,86867.63,20924.4
Dallas/Ft. Worth,2018-03-11 0:00,Conventional,0.87,1356159.96,688566.31,213463.41,5709.3,448420.94,329344.14,100310.59,18766.21
Dallas/Ft. Worth,2018-03-18 0:00,Conventional,0.87,1362250.25,656842.99,247599.72,4978.69,452828.85,329530.61,103951.68,19346.56
Dallas/Ft. Worth,2018-03-25 0:00,Conventional,0.73,1803351.21,788734.28,219585.81,6423.31,788607.81,673212.32,94356.41,21039.08
Dallas/Ft. Worth,2018-04-01 0:00,Conventional,0.75,1720132.29,730448.87,247763.98,7082.02,734837.42,613630.44,101358.01,19848.97
Dallas/Ft. Worth,2018-04-08 0:00,Conventional,0.87,1334567.14,596649.15,291020.04,7933.08,438964.87,311038.4,109397.12,18529.35
Dallas/Ft. Worth,2018-04-15 0:00,Conventional,0.85,1518465.11,657111.17,268724.46,8545.19,584084.29,293621.86,274685.74,15776.69
Dallas/Ft. Worth,2018-04-22 0:00,Conventional,0.79,1578341.58,738941.62,266508.61,8722.16,564169.19,274557.92,265140.66,24470.61
Dallas/Ft. Worth,2018-04-29 0:00,Conventional,0.85,1321951.16,674131.83,179488.66,7407.26,460923.41,318137.7,124395.86,18389.85
Dallas/Ft. Worth,2018-05-06 0:00,Conventional,0.69,1960909.65,981185.41,261943.81,8333.21,709447.22,586525.7,103747.07,19174.45
Dallas/Ft. Worth,2018-05-13 0:00,Conventional,0.75,1626471.86,769665.74,216147.49,9271.91,631386.72,522969.94,89091.3,19325.48
Dallas/Ft. Worth,2018-05-20 0:00,Conventional,0.75,1637704.04,811125.72,249685.16,6537.09,570356.07,317365.41,234500.82,18489.84
Dallas/Ft. Worth,2018-05-27 0:00,Conventional,0.72,1794629.69,867414.33,336699.97,8309.82,582205.57,258038.8,306549.87,17616.9
Dallas/Ft. Worth,2018-06-03 0:00,Conventional,0.79,1578363.98,729441.56,321141.38,6833.06,520947.98,303044.37,196590.55,21313.06
Dallas/Ft. Worth,2018-06-10 0:00,Conventional,0.78,1584621.89,867161.05,230812.66,2038.26,484609.92,339340.95,126601.25,18667.72
Dallas/Ft. Worth,2018-06-17 0:00,Conventional,0.86,1469579.62,686190.33,288857.63,2223.43,492308.23,359637.35,131437.84,1233.04
Dallas/Ft. Worth,2018-06-24 0:00,Conventional,0.81,1502209.85,658662.38,243578.81,2143.32,597825.34,472347.13,125199.33,278.88
Dallas/Ft. Worth,2018-07-01 0:00,Conventional,0.79,1605266.48,648014.21,247115.3,51782.68,658354.29,480032.03,177773.86,548.4
Dallas/Ft. Worth,2018-07-08 0:00,Conventional,0.73,1776489.96,698806.08,288121.01,8883.55,780679.32,597138.64,183109.31,431.37
Dallas/Ft. Worth,2018-07-15 0:00,Conventional,0.77,1668684.24,694352.02,269539.89,2501.83,702290.5,517987.73,184057.94,244.83
Dallas/Ft. Worth,2018-07-22 0:00,Conventional,0.88,1481054.59,552393.61,326204.69,2136.55,600319.74,248200.71,351449.53,669.5
Dallas/Ft. Worth,2018-07-29 0:00,Conventional,0.88,1401669.92,590695.65,282300.02,2219.84,526454.41,272432.94,253350.61,670.86
Dallas/Ft. Worth,2018-08-05 0:00,Conventional,0.92,1326440.13,570677.33,284287.05,3045.65,468430.1,330089.32,137642.99,697.79
Dallas/Ft. Worth,2018-08-12 0:00,Conventional,0.97,1229850.69,528733.93,242320.51,2067.87,456728.38,308455.04,147307.14,966.2
Dallas/Ft. Worth,2018-08-19 0:00,Conventional,0.92,1326030.61,580107.43,269589.39,9035.91,467297.88,350600.65,116118.31,578.92
Dallas/Ft. Worth,2018-08-26 0:00,Conventional,0.99,1315952.16,565798.11,262736.78,9111.03,478306.24,335435.28,140249.26,2621.7
Dallas/Ft. Worth,2018-09-02 0:00,Conventional,0.98,1323525.17,577680.54,248840.26,8703.75,488300.62,336292.44,146020.86,5987.32
Dallas/Ft. Worth,2018-09-09 0:00,Conventional,1.05,1212186.23,487709.93,231341.22,8699.39,484435.69,342300.68,140987.79,1147.22
Dallas/Ft. Worth,2018-09-16 0:00,Conventional,0.99,1257244.37,561923.92,228870.36,8681.17,457768.92,342330.28,111306.24,4132.4
Dallas/Ft. Worth,2018-09-23 0:00,Conventional,0.93,1361855.58,543704.54,264452.38,10315.86,543382.8,428824.18,111905.97,2652.65
Dallas/Ft. Worth,2018-09-30 0:00,Conventional,0.8,1502569.52,547357.19,258400.11,8207.93,688604.29,567015.71,119280.15,2308.43
Dallas/Ft. Worth,2018-10-07 0:00,Conventional,0.74,1600221.06,759579.93,202652.58,8707.51,629281.04,483566.96,143105.02,2609.06
Dallas/Ft. Worth,2018-10-14 0:00,Conventional,0.76,1499234.76,681362.41,263171.96,9605.71,545094.68,394203.97,145843.18,5047.53
Dallas/Ft. Worth,2018-10-21 0:00,Conventional,0.73,1533960.13,697946.6,250595.55,9083.56,576334.42,445865,126402.16,4067.26
Dallas/Ft. Worth,2018-10-28 0:00,Conventional,0.67,1633404.3,699877.73,209149.54,10054.69,714322.34,599937.91,111787.82,2596.61
Dallas/Ft. Worth,2018-11-04 0:00,Conventional,0.67,1540581.87,710321.39,233612.34,10501.44,586146.7,475777.19,110204.01,165.5
Dallas/Ft. Worth,2018-11-11 0:00,Conventional,0.66,1509062.05,848349.86,166270.1,9858.09,484584,371221.01,113310.37,52.62
Dallas/Ft. Worth,2018-11-18 0:00,Conventional,0.71,1160242,655676.32,95361.47,3983.06,405221.15,278437.39,126749.95,33.81
Dallas/Ft. Worth,2018-11-25 0:00,Conventional,0.74,940152.79,537051.22,85111.71,3065.47,314924.39,274826.19,40029.78,68.42
Dallas/Ft. Worth,2018-12-02 0:00,Conventional,0.77,1215475.74,536534.66,222393.71,11708.17,444839.2,334740.99,109436.83,661.38
