use data/2018avocado.csv
region,Date,type,AveragePrice,Total Volume,4046,4225,4770,Total Bags,Small Bags,Large Bags,XLarge Bags
Harrisburg/Scranton,2018-01-01 0:00,Conventional,1.37,195897.4,35962.67,106173.46,56.99,53704.28,41330.39,12373.89,0
Harrisburg/Scranton,2018-01-07 0:00,Conventional,1.33,257281.38,57546.66,128633.39,70.97,71030.36,57822.58,13207.78,0
Harrisburg/Scranton,2018-01-14 0:00,Conventional,1.25,277616.71,80067.78,121405.45,189.01,75954.47,62453.61,13500.86,0
Harrisburg/Scranton,2018-01-21 0:00,Conventional,1.14,345436.84,125847.54,136876.39,168.16,82544.75,79398.89,3142.53,3.33
Harrisburg/Scranton,2018-01-28 0:00,Conventional,1.15,299069.36,101247.63,112796.55,129.6,84895.58,84111.58,447.33,336.67
Harrisburg/Scranton,2018-02-04 0:00,Conventional,1.16,395673.05,92062.94,211176.35,157.51,92276.25,89502.17,1977.41,796.67
Harrisburg/Scranton,2018-02-11 0:00,Conventional,1.09,321368.64,77585.95,165153.24,116.39,78513.06,72248.7,4766.58,1497.78
Harrisburg/Scranton,2018-02-18 0:00,Conventional,1.25,277022.82,67138.92,129856.77,111.37,79915.76,71649,6605.65,1661.11
Harrisburg/Scranton,2018-02-25 0:00,Conventional,1.24,281655.48,63582.79,127685.46,166.92,90220.31,78774.1,9426.21,2020
Harrisburg/Scranton,2018-03-04 0:00,Conventional,1.21,289090.98,65788.57,130046.74,150.9,93104.77,82676.57,8658.2,1770
Harrisburg/Scranton,2018-03-11 0:00,Conventional,1.22,279645.04,65731.37,115236.06,174.48,98503.13,87461.84,9219.07,1822.22
Harrisburg/Scranton,2018-03-18 0:00,Conventional,1.18,299740.63,75911.89,121945.84,200.48,101682.42,98656.62,725.8,2300
Harrisburg/Scranton,2018-03-25 0:00,Conventional,1.21,330371.24,87782.44,137599.47,131.89,104857.44,95210.59,7089.08,2557.77
Harrisburg/Scranton,2018-04-01 0:00,Conventional,1.15,339166.38,83311.36,130914.49,171.62,124768.91,115712.44,6226.47,2830
Harrisburg/Scranton,2018-04-08 0:00,Conventional,1.14,304040.54,79677.07,114109.16,300.97,109953.34,101547.58,6102.42,2303.34
Harrisburg/Scranton,2018-04-15 0:00,Conventional,1.12,366610.78,86919.6,159931.45,329.42,119430.31,113599.44,3718.64,2112.23
Harrisburg/Scranton,2018-04-22 0:00,Conventional,1.1,339832.27,79874.96,138643.17,298.51,121015.63,115330.6,3756.14,1928.89
Harrisburg/Scranton,2018-04-29 0:00,Conventional,1.09,356561.21,87068.21,149428.06,461.31,119603.63,112264.59,5022.38,2316.66
Harrisburg/Scranton,2018-05-06 0:00,Conventional,1.08,430247.11,95982.08,203448.51,598.38,130218.14,122087.75,5709.37,2421.02
Harrisburg/Scranton,2018-05-13 0:00,Conventional,1.06,411718.28,98220.74,187960.19,506.86,125030.49,117234.27,5023.05,2773.17
Harrisburg/Scranton,2018-05-20 0:00,Conventional,1.13,359663.65,85638.92,156449.12,555.42,117020.19,106912.79,7464.07,2643.33
Harrisburg/Scranton,2018-05-27 0:00,Conventional,1.14,382698.14,84029.77,175005.89,660.6,123001.88,108558.86,11941.91,2501.11
Harrisburg/Scranton,2018-06-03 0:00,Conventional,1.14,375707.3,88548.77,174427.94,503.34,112227.25,100019.27,10183.54,2024.44
Harrisburg/Scranton,2018-06-10 0:00,Conventional,1.1,384370.68,93459.95,176196.44,132.17,114582.12,98755.26,13680.19,2146.67
Harrisburg/Scranton,2018-06-17 0:00,Conventional,1.13,369051.63,78824.31,163754.54,133.72,126339.06,114871.9,9272.72,2194.44
Harrisburg/Scranton,2018-06-24 0:00,Conventional,1.13,347915.44,76059.24,155611.54,221.34,116023.32,104073.15,9412.39,2537.78
Harrisburg/Scranton,2018-07-01 0:00,Conventional,1.12,342658.3,67594.85,165865.63,221.76,108976.06,90837.26,16345.47,1793.33
Harrisburg/Scranton,2018-07-08 0:00,Conventional,1.01,434745.39,73445.45,230676.63,56.2,130567.11,100517.14,27293.3,2756.67
Harrisburg/Scranton,2018-07-15 0:00,Conventional,1.02,335228.53,55476.9,171223.71,29.9,108498.02,96530.28,10024.4,1943.34
Harrisburg/Scranton,2018-07-22 0:00,Conventional,1.03,340565.45,56523.29,175987.95,49.81,108004.4,98170.42,8680.65,1153.33
Harrisburg/Scranton,2018-07-29 0:00,Conventional,1.03,338208.24,51582.08,172668.89,88.4,113868.87,107710.5,3755.03,2403.34
Harrisburg/Scranton,2018-08-05 0:00,Conventional,1.08,344535.35,50730.71,181831.37,49.53,111923.74,107494.85,2125.55,2303.34
Harrisburg/Scranton,2018-08-12 0:00,Conventional,1.11,355053.08,56980.91,196449.74,97.13,101525.3,96913.83,1561.47,3050
Harrisburg/Scranton,2018-08-19 0:00,Conventional,1.06,355609.79,61747.53,197193.96,447.4,96220.9,88024.05,4795.74,3401.11
Harrisburg/Scranton,2018-08-26 0:00,Conventional,1.06,342202.3,54555.71,202897.25,402.8,84346.54,74278.69,7371.19,2696.66
Harrisburg/Scranton,2018-09-02 0:00,Conventional,1.09,336338.87,60417.02,180740.17,397.39,94784.29,89792.17,1488.79,3503.33
Harrisburg/Scranton,2018-09-09 0:00,Conventional,1.14,349705.5,53006.17,208470.53,368.05,87860.75,79430.74,4243.34,4186.67
Harrisburg/Scranton,2018-09-16 0:00,Conventional,1.2,275017.22,44275.89,136262.8,407.57,94070.96,88255.68,4495.28,1320
Harrisburg/Scranton,2018-09-23 0:00,Conventional,1.08,291717.09,47997.1,154680.6,1449.02,87590.37,83281.89,647.38,3661.1
Harrisburg/Scranton,2018-09-30 0:00,Conventional,1.1,305296.11,42043.72,176652.97,435.48,86163.94,83862.77,1256.72,1044.45
Harrisburg/Scranton,2018-10-07 0:00,Conventional,1.17,277646.76,47267.87,144427.83,374.93,85576.13,85168,402.58,5.55
Harrisburg/Scranton,2018-10-14 0:00,Conventional,1.18,269842.61,51425.13,135999.32,360.02,82058.14,80832.56,1221.14,4.44
Harrisburg/Scranton,2018-10-21 0:00,Conventional,1.16,259430.04,53346.09,130040.14,315.47,75728.34,73086.06,2638.95,3.33
Harrisburg/Scranton,2018-10-28 0:00,Conventional,1.16,274542.64,51015.87,144400.77,410.14,78715.86,76168.85,2543.68,3.33
Harrisburg/Scranton,2018-11-04 0:00,Conventional,1.04,296283.86,47553.51,125735.8,405.29,122589.26,119747.52,2831.74,10
Harrisburg/Scranton,2018-11-11 0:00,Conventional,1.03,302415.66,54232.41,156650.55,353.01,91179.69,88589.6,2586.76,3.33
Harrisburg/Scranton,2018-11-18 0:00,Conventional,1.04,265912.62,48119.97,132300.57,243.73,85248.35,79990.63,5254.39,3.33
Harrisburg/Scranton,2018-11-25 0:00,Conventional,1.1,234509.1,32148.83,137382.75,305.02,64672.5,60593.14,4079.36,0
Harrisburg/Scranton,2018-12-02 0:00,Conventional,1.2,211791.46,40462.54,105998.7,163.61,65166.61,61850.36,3314.03,2.22
Hartford/Springfield,2018-01-01 0:00,Conventional,1.42,245203.25,4805.09,183945.55,178.97,56273.64,48824.63,7447.45,1.56
Hartford/Springfield,2018-01-07 0:00,Conventional,1.52,283678.88,5732.13,214934.82,136.28,62875.65,49441.07,13434.58,0
Hartford/Springfield,2018-01-14 0:00,Conventional,1.53,289124.31,6006.14,215891.85,128.82,67097.5,60219.1,6878.4,0
Hartford/Springfield,2018-01-21 0:00,Conventional,1.18,474554.55,8065.55,407711.57,175.38,58602.05,56135.81,2459.57,6.67
Hartford/Springfield,2018-01-28 0:00,Conventional,1.18,432600.1,7854.32,360244.35,237.31,64264.12,60495.46,3601.99,166.67
Hartford/Springfield,2018-02-04 0:00,Conventional,1.38,427950.71,11605.62,345582.17,1100.67,69662.25,67967.4,1438.65,256.2
Hartford/Springfield,2018-02-11 0:00,Conventional,1.48,352731.83,14675.9,270215.97,208.1,67631.86,65856.28,744.47,1031.11
Hartford/Springfield,2018-02-18 0:00,Conventional,1.42,283265.66,11150.75,209791.73,212.96,62110.22,60822.76,386.35,901.11
Hartford/Springfield,2018-02-25 0:00,Conventional,1.45,289607.63,13661.98,196776.63,314.45,78854.57,68300.92,9368.09,1185.56
Hartford/Springfield,2018-03-04 0:00,Conventional,1.17,432095.58,15615.69,347650.33,272.95,68556.61,64366.72,3032.11,1157.78
Hartford/Springfield,2018-03-11 0:00,Conventional,1.42,314847.26,17765.06,215834.18,183.31,81064.71,66170.41,13298.75,1595.55
Hartford/Springfield,2018-03-18 0:00,Conventional,1.43,308716.16,16506.01,218357.11,217.92,73635.12,68741.49,3282.52,1611.11
Hartford/Springfield,2018-03-25 0:00,Conventional,1.44,345963.16,17715.06,243023.15,242.2,84982.75,82409.99,1066.1,1506.66
Hartford/Springfield,2018-04-01 0:00,Conventional,1.4,328022.39,14239.48,227750.17,270.36,85762.38,82825.75,996.63,1940
Hartford/Springfield,2018-04-08 0:00,Conventional,1.38,350814.56,19541.78,251344.77,353.4,79574.61,76436.7,1381.25,1756.66
Hartford/Springfield,2018-04-15 0:00,Conventional,1.27,490867.14,20507.97,402853.68,596.08,66909.41,60938.09,4244.38,1726.94
Hartford/Springfield,2018-04-22 0:00,Conventional,1.27,387674.4,20538.02,292431.48,450.57,74254.33,69038.53,3433.58,1782.22
Hartford/Springfield,2018-04-29 0:00,Conventional,1.1,500917.41,17312.52,403849.14,394.98,79360.77,75882.42,1440.58,2037.77
Hartford/Springfield,2018-05-06 0:00,Conventional,1.07,634308.9,22645.59,532183.14,1183.6,78296.57,70604.4,5863.3,1828.87
Hartford/Springfield,2018-05-13 0:00,Conventional,1.12,497433.85,23455.12,393654.53,494.31,79829.89,75769,2145.33,1915.56
Hartford/Springfield,2018-05-20 0:00,Conventional,1.29,399286.91,22807.18,297989.98,391.41,78098.34,75552.96,647.61,1897.77
Hartford/Springfield,2018-05-27 0:00,Conventional,1.15,524127.03,23900.56,419380.59,528.62,80317.26,77299.83,1297.43,1720
Hartford/Springfield,2018-06-03 0:00,Conventional,1.28,406050.82,22825.75,295421.71,329.33,87474.03,85242.47,612.67,1618.89
Hartford/Springfield,2018-06-10 0:00,Conventional,1.11,538930.56,26338.74,435666.45,135.74,76789.63,74101.19,1096.22,1592.22
Hartford/Springfield,2018-06-17 0:00,Conventional,1.28,427044.67,27301.07,322789.3,224.79,76729.51,73704.97,1688.98,1335.56
Hartford/Springfield,2018-06-24 0:00,Conventional,1.25,435085.99,27009.64,339271.15,247.64,68557.56,65471.32,1759.39,1326.85
Hartford/Springfield,2018-07-01 0:00,Conventional,1.26,434227.66,23910.57,334314.6,137.67,75864.82,72306.29,2530.76,1027.77
Hartford/Springfield,2018-07-08 0:00,Conventional,1.26,449999.55,18921.84,355901.35,147.15,75029.21,68209.37,5527.62,1292.22
Hartford/Springfield,2018-07-15 0:00,Conventional,1.25,391123.63,12201.07,293083.29,971.52,84867.75,76581.33,7439.76,846.66
Hartford/Springfield,2018-07-22 0:00,Conventional,1.25,339549.56,9747.41,257818.23,346.72,71637.2,65051.3,5602.57,983.33
Hartford/Springfield,2018-07-29 0:00,Conventional,1.23,370188.62,8595.2,289070.2,121.73,72401.49,68794.02,2320.81,1286.66
Hartford/Springfield,2018-08-05 0:00,Conventional,1.28,355234.71,9078.06,257923.12,3810.97,84422.56,73142.84,9389.72,1890
Hartford/Springfield,2018-08-12 0:00,Conventional,1.27,382604.63,10230.83,296564.52,862.51,74946.77,67135.83,6160.94,1650
Hartford/Springfield,2018-08-19 0:00,Conventional,1.32,346666.86,8632.77,271049.76,682.53,66301.8,60313.48,4216.74,1771.58
Hartford/Springfield,2018-08-26 0:00,Conventional,1.42,345295.14,7614.64,276009.25,577.95,61093.3,55815.31,3870.21,1407.78
Hartford/Springfield,2018-09-02 0:00,Conventional,1.52,316172.1,7937.53,245466.44,625.29,62142.84,58231.84,2367.67,1543.33
Hartford/Springfield,2018-09-09 0:00,Conventional,1.54,334136.81,8235.84,259448.19,502.31,65950.47,60504.66,3965.81,1480
Hartford/Springfield,2018-09-16 0:00,Conventional,1.52,284214.28,6414.16,220269.17,591.73,56939.22,54762.84,1610.83,565.55
Hartford/Springfield,2018-09-23 0:00,Conventional,1.16,358646.88,6975.6,295341.29,1267.68,55062.31,52011.53,967.45,2083.33
Hartford/Springfield,2018-09-30 0:00,Conventional,1.52,287587.7,5577.6,218245.56,1393.7,62370.84,60592.04,1048.81,729.99
Hartford/Springfield,2018-10-07 0:00,Conventional,1.47,282539.55,5777.5,212263.23,2253.18,62245.64,61345.12,900.52,0
Hartford/Springfield,2018-10-14 0:00,Conventional,1.47,293175.79,6454.06,217582.14,556.57,68583.02,67160.95,1418.74,3.33
Hartford/Springfield,2018-10-21 0:00,Conventional,1.44,289085.4,5521.9,226519.1,486.99,56557.41,55539.77,1017.64,0
Hartford/Springfield,2018-10-28 0:00,Conventional,1.43,333991.98,6721.29,266775.6,487.58,60007.51,58313.68,1690.63,3.2
Hartford/Springfield,2018-11-04 0:00,Conventional,1.42,289998.48,6466.43,227804.62,565.28,55162.15,53835.69,1325.35,1.11
Hartford/Springfield,2018-11-11 0:00,Conventional,1.44,310421.27,7969.04,235653.6,570.16,66228.47,61968.58,4249.89,10
Hartford/Springfield,2018-11-18 0:00,Conventional,1.46,273645.16,7251.43,202526.27,365.8,63501.66,56841.87,6659.79,0
Hartford/Springfield,2018-11-25 0:00,Conventional,1.47,203103.47,5260.28,145936.71,359.15,51547.33,45257.52,6289.81,0
Hartford/Springfield,2018-12-02 0:00,Conventional,1.45,217910.05,5320.45,169247.99,407.79,42933.82,36360.27,6573.55,0
