use data/2018avocado.csv
region,Date,type,AveragePrice,Total Volume,4046,4225,4770,Total Bags,Small Bags,Large Bags,XLarge Bags
Miami/Ft. Lauderdale,2018-01-01 0:00,Conventional,1.17,728998.69,499352.88,74265.81,3057.2,152322.8,72698.98,79623.82,0
Miami/Ft. Lauderdale,2018-01-07 0:00,Conventional,1.22,746903.16,513398.84,68558.71,1946.21,162999.4,75200.98,87798.42,0
Miami/Ft. Lauderdale,2018-01-14 0:00,Conventional,1.46,617912.41,416705.54,53783.64,2713.93,144709.3,81480.75,63228.55,0
Miami/Ft. Lauderdale,2018-01-21 0:00,Conventional,1.19,825835.92,592863.38,79364.06,1920.89,151687.59,84785.47,66902.12,0
Miami/Ft. Lauderdale,2018-01-28 0:00,Conventional,1.4,661212.22,440406.44,54463.83,2465.91,163876.04,95377.39,68491.98,6.67
Miami/Ft. Lauderdale,2018-02-04 0:00,Conventional,0.98,1310671.51,897435.51,118495.93,2277.74,292462.33,111637.21,180761.79,63.33
Miami/Ft. Lauderdale,2018-02-11 0:00,Conventional,1,856022.49,580099.01,76468.67,2153.49,197301.32,106427.69,90813.63,60
Miami/Ft. Lauderdale,2018-02-18 0:00,Conventional,1.34,669345.2,451052.19,52028.41,2264.07,164000.53,95511.54,68415.66,73.33
Miami/Ft. Lauderdale,2018-02-25 0:00,Conventional,1.36,647233.53,420401.52,51048.05,1505.14,174278.82,120093.14,54105.68,80
Miami/Ft. Lauderdale,2018-03-04 0:00,Conventional,1.14,881388.29,639495.68,77645.93,1780.45,162466.23,112719.37,48965.19,781.67
Miami/Ft. Lauderdale,2018-03-11 0:00,Conventional,1.19,888615.09,603091.72,74717.78,2009.9,208795.69,97893.87,110561.82,340
Miami/Ft. Lauderdale,2018-03-18 0:00,Conventional,1.17,828837.57,575923.2,70118.84,2101.12,180694.41,102331.92,78219.16,143.33
Miami/Ft. Lauderdale,2018-03-25 0:00,Conventional,1.37,698961.15,474642.82,53923.97,2049.21,168345.15,106478.51,61776.64,90
Miami/Ft. Lauderdale,2018-04-01 0:00,Conventional,1.36,711418.48,474411.43,53581.63,1925.09,181500.33,115798.75,65541.58,160
Miami/Ft. Lauderdale,2018-04-08 0:00,Conventional,1.39,698303.78,466647.94,54811.32,2021.82,174822.7,101707.2,72445.5,670
Miami/Ft. Lauderdale,2018-04-15 0:00,Conventional,1.1,989027.01,732180.25,83742.32,2577.02,170527.42,97251.33,72302.76,973.33
Miami/Ft. Lauderdale,2018-04-22 0:00,Conventional,1.38,721750.54,481335.42,50893.64,1317.01,188204.47,103636.59,84433.44,134.44
Miami/Ft. Lauderdale,2018-04-29 0:00,Conventional,1.11,1068549.83,716245.53,83811.58,1692.64,266800.08,122406.65,144296.76,96.67
Miami/Ft. Lauderdale,2018-05-06 0:00,Conventional,0.96,1331567.2,904640.07,106692.43,2050.1,318184.6,122202.46,195762.14,220
Miami/Ft. Lauderdale,2018-05-13 0:00,Conventional,1.37,741439.43,497729.55,49841.14,1932.36,191936.38,114720.95,77062.1,153.33
Miami/Ft. Lauderdale,2018-05-20 0:00,Conventional,1.1,959734.11,649004.13,69665.23,2203.76,238860.99,111724.25,127026.74,110
Miami/Ft. Lauderdale,2018-05-27 0:00,Conventional,1.32,779621.25,518599.72,51296,2601.76,207123.77,113143.45,93883.65,96.67
Miami/Ft. Lauderdale,2018-06-03 0:00,Conventional,1.12,989235.06,659699.85,68912.09,2076.8,258546.32,114303.98,144139.01,103.33
Miami/Ft. Lauderdale,2018-06-10 0:00,Conventional,1.3,798283.04,545612.67,51237.95,1354.75,200077.67,102470.21,97490.79,116.67
Miami/Ft. Lauderdale,2018-06-17 0:00,Conventional,1.12,1019428.74,685091.73,71423.5,1569.32,261344.19,117206.03,144054.83,83.33
Miami/Ft. Lauderdale,2018-06-24 0:00,Conventional,1.31,821950.4,542228.59,51672.56,1312.27,226736.98,119943.44,106770.21,23.33
Miami/Ft. Lauderdale,2018-07-01 0:00,Conventional,0.96,1143131.13,778535.2,86248.3,1429.95,276917.68,107933.18,168924.5,60
Miami/Ft. Lauderdale,2018-07-08 0:00,Conventional,1.32,830387.65,529321.77,56075.08,2095.76,242895.04,119460.24,123361.47,73.33
Miami/Ft. Lauderdale,2018-07-15 0:00,Conventional,1.35,821141.04,531332.81,53178.41,1302.01,235327.81,111522.23,123765.58,40
Miami/Ft. Lauderdale,2018-07-22 0:00,Conventional,1.35,809355.89,530640.91,58383.7,5870.68,214460.6,96099.2,116811.4,1550
Miami/Ft. Lauderdale,2018-07-29 0:00,Conventional,1.37,749637.07,461225.68,58708.21,6284.77,223418.41,101130.73,113609.91,8677.77
Miami/Ft. Lauderdale,2018-08-05 0:00,Conventional,1.36,734747.99,469264.21,46346.42,4187.6,214949.76,96050.47,110133.73,8765.56
Miami/Ft. Lauderdale,2018-08-12 0:00,Conventional,1.37,706047.65,440689.48,42737.76,1730.24,220890.17,92889.59,118637.25,9363.33
Miami/Ft. Lauderdale,2018-08-19 0:00,Conventional,1.32,749488.74,438677.96,71066.2,4998.51,234746.07,116427.87,109422.65,8895.55
Miami/Ft. Lauderdale,2018-08-26 0:00,Conventional,1.41,671418.68,395364.35,76479.95,5474.78,194099.6,82039.44,100951.27,11108.89
Miami/Ft. Lauderdale,2018-09-02 0:00,Conventional,1.42,663287.35,407833.39,77399.97,4867.51,173186.48,76219.85,85908.85,11057.78
Miami/Ft. Lauderdale,2018-09-09 0:00,Conventional,1.31,646557.76,385503.07,76313.28,4775.45,179965.96,77986.51,95145.01,6834.44
Miami/Ft. Lauderdale,2018-09-16 0:00,Conventional,0.99,938728.22,579291.96,98720.57,5720.43,254995.26,86887.92,155099.56,13007.78
Miami/Ft. Lauderdale,2018-09-23 0:00,Conventional,1.28,604139.15,345569.86,56768.86,6236.98,195563.45,98443,88840.46,8279.99
Miami/Ft. Lauderdale,2018-09-30 0:00,Conventional,0.99,977077.85,612106.35,76728.7,5287.55,282955.25,111638.46,164012.35,7304.44
Miami/Ft. Lauderdale,2018-10-07 0:00,Conventional,1.29,675431.65,414402.35,50578.48,4489.45,205961.37,96822.3,99355.74,9783.33
Miami/Ft. Lauderdale,2018-10-14 0:00,Conventional,0.95,983727.12,612567.65,71019.05,4627.4,295513.02,123646.99,164651.59,7214.44
Miami/Ft. Lauderdale,2018-10-21 0:00,Conventional,1.26,597571.53,359068.52,37336.36,4141.51,197025.14,111633.32,80304.04,5087.78
Miami/Ft. Lauderdale,2018-10-28 0:00,Conventional,0.78,1188870.98,765042.42,83127.24,5007.16,335694.16,139711.17,195780.76,202.23
Miami/Ft. Lauderdale,2018-11-04 0:00,Conventional,0.96,1002568.67,632152.18,68447.04,3681.68,298287.77,154327.9,143938.76,21.11
Miami/Ft. Lauderdale,2018-11-11 0:00,Conventional,1.25,655166.01,394840.51,39803.4,4307.99,216214.11,129148.65,87065.46,0
Miami/Ft. Lauderdale,2018-11-18 0:00,Conventional,1.16,651430.87,424012.59,42152.03,3261.33,182004.92,77532.41,104459.18,13.33
Miami/Ft. Lauderdale,2018-11-25 0:00,Conventional,1.18,505205.03,325022.95,52759.51,2067.35,125355.22,28488.06,96862.72,4.44
Miami/Ft. Lauderdale,2018-12-02 0:00,Conventional,1.16,645712.3,413635.53,43678.93,3409.67,184988.17,69722.77,115265.4,0
New Orleans/Mobile,2018-01-01 0:00,Conventional,1.06,262281.64,164147.55,23239.77,1336.79,73557.53,61080.44,11333.76,1143.33
New Orleans/Mobile,2018-01-07 0:00,Conventional,1.15,295941.23,183343.94,30856.25,2514.49,79226.55,64892.6,13346.17,987.78
New Orleans/Mobile,2018-01-14 0:00,Conventional,1.15,290571.66,170097.6,22912.24,2542,95019.82,76659.09,17342.95,1017.78
New Orleans/Mobile,2018-01-21 0:00,Conventional,1.04,310587.46,192632.7,23240.42,2212.37,92501.97,79583.19,11776.55,1142.23
New Orleans/Mobile,2018-01-28 0:00,Conventional,1.08,314915.09,198062.3,21726.15,2409.57,92717.07,81430.82,10352.92,933.33
New Orleans/Mobile,2018-02-04 0:00,Conventional,0.76,521184.22,352425.87,40674.51,2373.28,125710.56,114300.77,11056.46,353.33
New Orleans/Mobile,2018-02-11 0:00,Conventional,0.97,289527.53,174271.9,18425.78,1971,94858.85,82271.42,12267.43,320
New Orleans/Mobile,2018-02-18 0:00,Conventional,1.02,306966.07,173296.43,24837.13,1962,106870.51,94229.99,12303.85,336.67
New Orleans/Mobile,2018-02-25 0:00,Conventional,0.98,373167.22,221362.46,38254.71,2432,111118.05,97659.22,13202.16,256.67
New Orleans/Mobile,2018-03-04 0:00,Conventional,1.03,332378.96,190521.47,24646.65,2564,114646.84,97910.59,16489.58,246.67
New Orleans/Mobile,2018-03-11 0:00,Conventional,1.05,316463.18,177320.17,22478.1,2158,114506.91,93807.58,20352.66,346.67
New Orleans/Mobile,2018-03-18 0:00,Conventional,1.02,316969.55,181011.25,19002.68,2515,114440.62,95470.29,18533.66,436.67
New Orleans/Mobile,2018-03-25 0:00,Conventional,1.04,305105.53,171335.77,20076.04,2425.1,111268.62,94895.33,15963.29,410
New Orleans/Mobile,2018-04-01 0:00,Conventional,1.05,338361.75,197322.31,23015.79,2219.29,115804.36,100124.34,15296.69,383.33
New Orleans/Mobile,2018-04-08 0:00,Conventional,1.06,331236.26,203415.5,30236.33,2296.52,95287.91,87043.9,7897.35,346.66
New Orleans/Mobile,2018-04-15 0:00,Conventional,0.95,384504.25,228455.72,23376.12,3129.32,129543.09,111757.36,17424.06,361.67
New Orleans/Mobile,2018-04-22 0:00,Conventional,1,332313.4,191688.9,23133.77,3175,114315.73,98207.89,15799.51,308.33
New Orleans/Mobile,2018-04-29 0:00,Conventional,0.97,386294.92,228700.64,24109.92,3084,130400.36,109811.42,20205.61,383.33
New Orleans/Mobile,2018-05-06 0:00,Conventional,0.93,447860.29,270909.37,31936.34,3216,141798.58,114035.31,26786.6,976.67
New Orleans/Mobile,2018-05-13 0:00,Conventional,1.09,335091.93,190194.96,20846.97,3198,120852,103778.93,16539.74,533.33
New Orleans/Mobile,2018-05-20 0:00,Conventional,0.95,364732.72,218239.46,21801.83,2557,122134.43,101735.91,20035.19,363.33
New Orleans/Mobile,2018-05-27 0:00,Conventional,0.97,388043.1,231420.86,25851.6,3358,127412.64,110392.5,16630.14,390
New Orleans/Mobile,2018-06-03 0:00,Conventional,0.95,380354.51,227475.51,23515.14,2078,127285.86,104842.95,22136.25,306.66
New Orleans/Mobile,2018-06-10 0:00,Conventional,1.01,317027.71,181029.59,22123.97,310,113564.15,96553.25,16779.79,231.11
New Orleans/Mobile,2018-06-17 0:00,Conventional,0.96,380471.18,244252.2,21236.12,346,114636.86,93782.47,20691.06,163.33
New Orleans/Mobile,2018-06-24 0:00,Conventional,1.01,358901.86,223057.54,19826.66,341,115676.66,82530.39,32401.83,744.44
New Orleans/Mobile,2018-07-01 0:00,Conventional,0.95,376910.41,225177.67,26389.44,4269.89,121073.41,62111.94,58522.59,438.88
New Orleans/Mobile,2018-07-08 0:00,Conventional,1,359771.37,196400.92,32349.62,987.86,130032.97,79757.34,48668.96,1606.67
New Orleans/Mobile,2018-07-15 0:00,Conventional,1.11,327531.38,156866.54,38948.02,380.42,131336.4,55406.12,75155.84,774.44
New Orleans/Mobile,2018-07-22 0:00,Conventional,1.12,319368.66,170635.08,35745.21,345,112643.37,40052.17,71814.53,776.67
New Orleans/Mobile,2018-07-29 0:00,Conventional,1.23,270088.53,138396.33,38716.05,387.65,92588.5,34203.64,57114.86,1270
New Orleans/Mobile,2018-08-05 0:00,Conventional,1.17,304794.69,161310.29,47058,284,96142.4,31867.17,62458.57,1816.66
New Orleans/Mobile,2018-08-12 0:00,Conventional,1.19,274319.35,127350.64,40510.89,490,105967.82,44680.66,59270.5,2016.66
New Orleans/Mobile,2018-08-19 0:00,Conventional,1.14,303184.44,155466.7,36361.71,1060.63,110295.4,60603.61,47065.12,2626.67
New Orleans/Mobile,2018-08-26 0:00,Conventional,1.18,291716.31,147868.81,38917.29,859.32,104070.89,57547.32,44223.57,2300
New Orleans/Mobile,2018-09-02 0:00,Conventional,1.16,348881.64,201158.51,33954.77,1154.02,112614.34,70473.8,41366.1,774.44
New Orleans/Mobile,2018-09-09 0:00,Conventional,1.2,263256.19,143420.53,20550.92,993.41,98291.33,53894.17,43768.28,628.88
New Orleans/Mobile,2018-09-16 0:00,Conventional,1.11,300154.34,171038.29,23391.43,1039,104685.62,61324.15,41939.24,1422.23
New Orleans/Mobile,2018-09-23 0:00,Conventional,1.17,259119.2,146754.14,20537.53,947.34,90880.19,60265.35,28677.07,1937.77
New Orleans/Mobile,2018-09-30 0:00,Conventional,1.09,288820.32,148681.37,24494.93,771,114873.02,66339.3,47121.5,1412.22
New Orleans/Mobile,2018-10-07 0:00,Conventional,1.13,286131.56,154921.77,20342.67,1049,109818.12,68543.7,38793.31,2481.11
New Orleans/Mobile,2018-10-14 0:00,Conventional,1.07,294682.49,163853.17,20211.48,891,109726.84,71359.26,35844.24,2523.34
New Orleans/Mobile,2018-10-21 0:00,Conventional,1.24,249138.1,131174.98,22290.41,904,94768.71,65951.93,25984.55,2832.23
New Orleans/Mobile,2018-10-28 0:00,Conventional,1.06,302288.5,151637.88,21278.45,1058,128314.17,91935.19,35466.76,912.22
New Orleans/Mobile,2018-11-04 0:00,Conventional,1.01,290387.25,166333.37,17824.07,1097,105132.81,75778.9,29323.91,30
New Orleans/Mobile,2018-11-11 0:00,Conventional,1.16,258466.34,150325.09,15447.27,1038,91655.98,65725.39,25927.26,3.33
New Orleans/Mobile,2018-11-18 0:00,Conventional,1.12,231569.73,129235.96,11435.98,736,90161.79,61181.47,28980.32,0
New Orleans/Mobile,2018-11-25 0:00,Conventional,1.17,179513.59,95769.16,12577.88,382.47,70784.08,44418.86,26355.22,10
New Orleans/Mobile,2018-12-02 0:00,Conventional,1.18,230277.99,129713.59,14047.58,1028,85488.82,58037.33,27438.16,13.33
