use data/2018avocado.csv
region,Date,type,AveragePrice,Total Volume,4046,4225,4770,Total Bags,Small Bags,Large Bags,XLarge Bags
Phoenix/Tucson,2018-01-01 0:00,Conventional,0.75,986474.74,422070.44,283040.88,12415.52,268947.9,173098.72,93945.85,1903.33
Phoenix/Tucson,2018-01-07 0:00,Conventional,0.89,1025312.59,470698.28,222151.2,14761.13,317701.98,178186.6,134615.38,4900
Phoenix/Tucson,2018-01-14 0:00,Conventional,0.81,1354912.98,628591.78,284087.44,15249.83,426983.93,200603.91,221593.36,4786.66
Phoenix/Tucson,2018-01-21 0:00,Conventional,0.78,1315329.83,613600.56,246703.53,13332.26,441693.48,210780.39,226079.75,4833.34
Phoenix/Tucson,2018-01-28 0:00,Conventional,0.68,1592137.3,902410.41,288508.97,12312.08,388905.84,235248.48,147958.47,5698.89
Phoenix/Tucson,2018-02-04 0:00,Conventional,0.59,1998260.47,1029017.42,511201.78,13917.11,444124.16,236056.82,202720.67,5346.67
Phoenix/Tucson,2018-02-11 0:00,Conventional,0.64,1490711.97,793896.21,256987.03,12607.4,427221.33,241681.63,179607.48,5932.22
Phoenix/Tucson,2018-02-18 0:00,Conventional,0.59,1544983.15,923293,242108.74,12876.81,366704.6,228817.23,131177.62,6709.75
Phoenix/Tucson,2018-02-25 0:00,Conventional,0.72,1224254.4,621383.55,216588.22,13517.52,372765.11,218471,148190.88,6103.23
Phoenix/Tucson,2018-03-04 0:00,Conventional,0.61,1672899.36,962967.9,268082.25,12934.88,428914.33,266658.69,156802.31,5453.33
Phoenix/Tucson,2018-03-11 0:00,Conventional,0.58,1619549.79,941189.25,269078.43,14057.17,395224.94,227505.97,161870.08,5848.89
Phoenix/Tucson,2018-03-18 0:00,Conventional,0.71,1299190.92,626645.87,243424.78,14272.43,414847.84,204096.69,205346.71,5404.44
Phoenix/Tucson,2018-03-25 0:00,Conventional,0.59,1684537.69,932956.86,296968.67,14886.96,439725.2,216076.58,218329.73,5318.89
Phoenix/Tucson,2018-04-01 0:00,Conventional,0.75,1374624.38,613273.21,280007.62,14980.95,466362.6,242958.33,217528.71,5875.56
Phoenix/Tucson,2018-04-08 0:00,Conventional,0.73,1367604.53,479463.67,324647.16,14913.76,548579.94,209155.34,333957.93,5466.67
Phoenix/Tucson,2018-04-15 0:00,Conventional,0.74,1306926.2,460395.37,282474.66,15241.8,548814.37,251730.76,292073.62,5009.99
Phoenix/Tucson,2018-04-22 0:00,Conventional,0.77,1256268.72,538106.78,275565.8,13854.36,428741.78,223920.92,198945.87,5874.99
Phoenix/Tucson,2018-04-29 0:00,Conventional,0.71,1372259.3,653502.64,272551.44,13261.26,432943.96,239807.88,188254.97,4881.11
Phoenix/Tucson,2018-05-06 0:00,Conventional,0.68,1672663.29,718786.81,362371.73,16333.47,575171.28,205328.99,363848.95,5993.34
Phoenix/Tucson,2018-05-13 0:00,Conventional,0.72,1322015.38,627209.88,249062.52,13381.87,432361.11,196250.48,230560.63,5550
Phoenix/Tucson,2018-05-20 0:00,Conventional,0.76,1285352.41,617748.87,235263.73,12468.33,419871.48,224747.68,189913.8,5210
Phoenix/Tucson,2018-05-27 0:00,Conventional,0.74,1417122.81,619292.64,311278.73,14122.66,472428.78,236394.71,230762.96,5271.11
Phoenix/Tucson,2018-06-03 0:00,Conventional,0.74,1351160.32,656389.4,235743.24,13231.49,445796.19,232323.59,207125.93,6346.67
Phoenix/Tucson,2018-06-10 0:00,Conventional,0.57,1752235.14,1002046.09,302382.86,11633.42,436172.77,248147.87,181560.46,6464.44
Phoenix/Tucson,2018-06-17 0:00,Conventional,0.74,1291458.88,594714,285711.49,12529.53,398503.86,219965.26,171805.27,6733.33
Phoenix/Tucson,2018-06-24 0:00,Conventional,0.61,1579740.52,916179.06,231756.81,12262.97,419541.68,229297.52,183770.82,6473.34
Phoenix/Tucson,2018-07-01 0:00,Conventional,0.75,1260976.96,552384.49,265411.08,17851.74,425329.65,236375.78,179857.89,9095.98
Phoenix/Tucson,2018-07-08 0:00,Conventional,0.77,1358173.39,488981.96,322421.02,34050.03,512720.38,211254.86,288437.79,13027.73
Phoenix/Tucson,2018-07-15 0:00,Conventional,0.78,1231210.24,431845.45,280024.38,13018.63,506321.78,238290.51,259845.71,8185.56
Phoenix/Tucson,2018-07-22 0:00,Conventional,0.84,1231569.04,463846.64,238805.77,12878.79,516037.84,301327.3,210021.65,4688.89
Phoenix/Tucson,2018-07-29 0:00,Conventional,0.78,1258869.22,439684.29,370313.42,12846.11,436025.4,199804.15,230869.02,5352.23
Phoenix/Tucson,2018-08-05 0:00,Conventional,0.76,1431562.87,615016.61,320292.72,15708.48,480545.06,210729.96,264736.21,5078.89
Phoenix/Tucson,2018-08-12 0:00,Conventional,0.76,1421969.77,646193.47,277048.14,15172.29,483555.87,222314.83,255661.05,5579.99
Phoenix/Tucson,2018-08-19 0:00,Conventional,0.93,1106045.2,423136.85,239978.2,16630.96,426299.19,242690.01,178408.07,5201.11
Phoenix/Tucson,2018-08-26 0:00,Conventional,1.02,1011296.47,365905.08,234181.5,16480.18,394729.71,221207.76,169216.4,4305.55
Phoenix/Tucson,2018-09-02 0:00,Conventional,0.94,1155788.86,383649.06,329440.84,17947.46,424751.5,233866.43,186785.07,4100
Phoenix/Tucson,2018-09-09 0:00,Conventional,0.94,1191205.72,470512.96,274464.44,16749.51,429478.81,222134.33,201547.81,5796.67
Phoenix/Tucson,2018-09-16 0:00,Conventional,0.84,1268224.89,621600.22,215957.86,26515.17,404151.64,222521.39,178212.47,3417.78
Phoenix/Tucson,2018-09-23 0:00,Conventional,0.92,1129756.42,447336.18,235261.57,19617.44,427541.23,214714.57,206197.77,6628.89
Phoenix/Tucson,2018-09-30 0:00,Conventional,0.89,1134832.33,470504.98,235012.7,16017.76,413296.89,214232.25,192303.53,6761.11
Phoenix/Tucson,2018-10-07 0:00,Conventional,0.76,1407272.11,710089.12,218506.77,17087.69,461588.53,216141.41,237964.9,7482.22
Phoenix/Tucson,2018-10-14 0:00,Conventional,0.92,1056109.32,378074.61,223122.81,15413.3,439498.6,224314.51,205789.65,9394.44
Phoenix/Tucson,2018-10-21 0:00,Conventional,0.88,1046809.01,382733.4,226766.59,15319.76,421989.26,224007.15,189385.45,8596.66
Phoenix/Tucson,2018-10-28 0:00,Conventional,0.83,1129343.49,430550.47,234151.93,14098.27,450542.82,218467.5,230053.1,2022.22
Phoenix/Tucson,2018-11-04 0:00,Conventional,0.73,1292198.91,525003.4,326593.48,16824.2,423777.83,197707.16,226070.67,0
Phoenix/Tucson,2018-11-11 0:00,Conventional,0.69,1367886.66,574135.94,258244.86,11796.74,523709.12,201100.28,322608.84,0
Phoenix/Tucson,2018-11-18 0:00,Conventional,0.88,845649.34,195526.47,199913.09,8135.57,442074.21,207828.19,234232.69,13.33
Phoenix/Tucson,2018-11-25 0:00,Conventional,0.98,677772.02,191889.68,128518.26,10945.98,346418.1,226753.51,119664.59,0
Phoenix/Tucson,2018-12-02 0:00,Conventional,0.97,814071.45,347833.77,145914.84,17622.89,302699.95,172451.89,130248.06,0
Raleigh/Greensboro,2018-01-01 0:00,Conventional,0.92,419590.58,90432.19,134861.05,5994.91,188302.43,178330.99,9970.33,1.11
Raleigh/Greensboro,2018-01-07 0:00,Conventional,1.3,317209.9,113445.48,103827.25,5071.98,94865.19,90848.07,4017.12,0
Raleigh/Greensboro,2018-01-14 0:00,Conventional,1.29,360772.32,88430.39,138123.95,6178.1,128039.88,119713.01,8326.87,0
Raleigh/Greensboro,2018-01-21 0:00,Conventional,1.12,407825,101929.83,102790.68,4632.9,198471.59,191459.41,7012.18,0
Raleigh/Greensboro,2018-01-28 0:00,Conventional,1.34,322348.72,93956.4,105608.44,5131.66,117652.22,112705.62,4946.6,0
Raleigh/Greensboro,2018-02-04 0:00,Conventional,0.97,525075.42,119688.78,132891.28,5891.9,266603.46,254234.83,12368.63,0
Raleigh/Greensboro,2018-02-11 0:00,Conventional,1.1,367903.88,106372.21,91013.42,5010.88,165507.37,156789.32,8718.05,0
Raleigh/Greensboro,2018-02-18 0:00,Conventional,1.29,302077.06,78221.45,101748.26,5439.47,116667.88,108698.13,7969.75,0
Raleigh/Greensboro,2018-02-25 0:00,Conventional,1.28,343583.53,91255.51,120240.34,5425.62,126662.06,119370.42,7291.64,0
Raleigh/Greensboro,2018-03-04 0:00,Conventional,1.28,330201.25,88012.88,101227.44,5793.79,135167.14,128111.5,7055.64,0
Raleigh/Greensboro,2018-03-11 0:00,Conventional,1.2,384595.79,106062.76,132338.25,5654.47,140540.31,135823.49,4716.82,0
Raleigh/Greensboro,2018-03-18 0:00,Conventional,0.92,552900.21,96399.53,130874.15,4769.76,320856.77,312969.23,7886.43,1.11
Raleigh/Greensboro,2018-03-25 0:00,Conventional,1.24,362959.17,91484.37,120803.28,5307.11,145364.41,139121.67,6242.74,0
Raleigh/Greensboro,2018-04-01 0:00,Conventional,1.27,363270.42,92515.83,120808.55,5391.27,144554.77,136555.96,7998.81,0
Raleigh/Greensboro,2018-04-08 0:00,Conventional,1.23,377666.02,107505.1,113825.82,6000.58,150334.52,140163.19,10171.33,0
Raleigh/Greensboro,2018-04-15 0:00,Conventional,1.19,398267.6,116949.09,120073.75,5735.37,155509.39,142694.85,12812.32,2.22
Raleigh/Greensboro,2018-04-22 0:00,Conventional,1.25,383029.47,115510.04,114770.91,6085.09,146663.43,134537.99,12119.89,5.55
Raleigh/Greensboro,2018-04-29 0:00,Conventional,1.23,404605.55,125820.43,121024.08,6048.48,151712.56,135535.06,16176.39,1.11
Raleigh/Greensboro,2018-05-06 0:00,Conventional,0.91,619710.6,154942.66,187490.29,6989.28,270288.37,253608.47,16679.9,0
Raleigh/Greensboro,2018-05-13 0:00,Conventional,1.13,413181.34,125270.54,106551.17,6504.67,174854.96,161579.02,13265.94,10
Raleigh/Greensboro,2018-05-20 0:00,Conventional,1.12,421526.27,139167.14,129933.22,7335.37,145090.54,130423.18,14667.36,0
Raleigh/Greensboro,2018-05-27 0:00,Conventional,1.22,400836.13,144444.44,103440.91,7664.6,145286.18,128026.75,17258.32,1.11
Raleigh/Greensboro,2018-06-03 0:00,Conventional,1.24,375694.41,135070.95,86704.93,5711.78,148206.75,129934.01,18272.74,0
Raleigh/Greensboro,2018-06-10 0:00,Conventional,1.15,418809.7,161856.48,108097.96,5046.33,143808.93,127647.74,16146.75,14.44
Raleigh/Greensboro,2018-06-17 0:00,Conventional,1.22,390870.27,147674.43,82476.72,5294.77,155424.35,136204.47,19218.77,1.11
Raleigh/Greensboro,2018-06-24 0:00,Conventional,1.22,365165.44,126807.21,75613.61,4921.04,157823.58,143445.63,14377.95,0
Raleigh/Greensboro,2018-07-01 0:00,Conventional,1.18,378778.75,136044.57,89573.9,5688.65,147471.63,132937.26,14534.37,0
Raleigh/Greensboro,2018-07-08 0:00,Conventional,1.17,392085.82,140086.12,104455.56,6145.58,141398.56,125522.67,15875.89,0
Raleigh/Greensboro,2018-07-15 0:00,Conventional,1.18,362332.13,114671.97,106287.1,5313.34,136059.72,118612.48,17447.24,0
Raleigh/Greensboro,2018-07-22 0:00,Conventional,1.2,349537.26,101284.05,105957.42,6190.12,136105.67,110752.08,25349.15,4.44
Raleigh/Greensboro,2018-07-29 0:00,Conventional,1.3,341243,89752.92,108794.35,5579.6,137116.13,119525.99,17590.14,0
Raleigh/Greensboro,2018-08-05 0:00,Conventional,1.27,354649.47,101517.18,114626.36,5759.57,132746.36,116476.39,16269.97,0
Raleigh/Greensboro,2018-08-12 0:00,Conventional,1.21,378008.33,108859.14,123277.39,6022.04,139849.76,122220.56,17586.98,42.22
Raleigh/Greensboro,2018-08-19 0:00,Conventional,1.24,388690.82,114941.94,126272.76,7560.65,139915.47,119352.82,20562.65,0
Raleigh/Greensboro,2018-08-26 0:00,Conventional,1.24,367731.31,101803.39,117742.15,6848.55,141337.22,123538.05,17799.17,0
Raleigh/Greensboro,2018-09-02 0:00,Conventional,1.24,395010.31,103315.2,125042.25,7395.1,159257.76,139348.29,19906.14,3.33
Raleigh/Greensboro,2018-09-09 0:00,Conventional,1.29,394418.8,108982.48,130891.98,7542.09,147002.25,124855.57,22146.68,0
Raleigh/Greensboro,2018-09-16 0:00,Conventional,1.25,331687.06,83322.28,109749.84,6517.24,132097.7,116097.19,16000.51,0
Raleigh/Greensboro,2018-09-23 0:00,Conventional,1.2,318528.63,96105.27,99877.82,6399.66,116145.88,100085.69,14435.75,1624.44
Raleigh/Greensboro,2018-09-30 0:00,Conventional,1.21,316626.69,93147.46,100856.88,7760.04,114862.31,95482.6,17659.71,1720
Raleigh/Greensboro,2018-10-07 0:00,Conventional,1.21,323182.5,84658.69,105064.54,7967.8,125491.47,108966.3,16418.5,106.67
Raleigh/Greensboro,2018-10-14 0:00,Conventional,1.18,324062.55,85683.79,104097.55,7294.18,126987.03,106532.74,20454.29,0
Raleigh/Greensboro,2018-10-21 0:00,Conventional,1.16,326194.05,103252.83,106666.43,7390,108884.79,95050.7,13834.09,0
Raleigh/Greensboro,2018-10-28 0:00,Conventional,0.93,406782.56,93639.27,96531.84,5735.88,210875.57,192018.63,18856.94,0
Raleigh/Greensboro,2018-11-04 0:00,Conventional,1.1,323936.12,90242.06,110047.79,6508.95,117137.32,96574.37,20562.95,0
Raleigh/Greensboro,2018-11-11 0:00,Conventional,1.11,330000.62,104173.42,112331.21,6785.29,106710.7,87547.1,19146.93,16.67
Raleigh/Greensboro,2018-11-18 0:00,Conventional,1.2,267081.21,81794.59,76025.15,4418.57,104842.9,89258.4,15583.39,1.11
Raleigh/Greensboro,2018-11-25 0:00,Conventional,1.25,212632.98,57410.14,64637.07,3894.77,86691,75393.88,11290.46,6.66
Raleigh/Greensboro,2018-12-02 0:00,Conventional,1.23,264098.02,93647.1,66025.34,5345.31,99080.27,80437.24,18639.7,3.33
