use data/2018avocado.csv
region,Date,type,AveragePrice,Total Volume,4046,4225,4770,Total Bags,Small Bags,Large Bags,XLarge Bags
Richmond/Norfolk,2018-01-01 0:00,Conventional,0.83,315463.87,101602.77,102532.75,1995.65,109332.7,97601.86,11720.6,10.24
Richmond/Norfolk,2018-01-07 0:00,Conventional,1.03,300234.79,96040.45,94172.95,1657.28,108364.11,99730.22,8633.89,0
Richmond/Norfolk,2018-01-14 0:00,Conventional,1.19,311185.65,76364.47,126208.57,1844.45,106768.16,84944.73,21823.43,0
Richmond/Norfolk,2018-01-21 0:00,Conventional,1.12,322272.97,72502.51,112843.42,1772.99,135154.05,112298.65,22855.4,0
Richmond/Norfolk,2018-01-28 0:00,Conventional,1.21,267305.91,63753.71,104053.12,1743.34,97755.74,87331.26,10414.48,10
Richmond/Norfolk,2018-02-04 0:00,Conventional,0.86,469093.71,124229.81,128208.07,2217.45,214438.38,187621.35,26710.36,106.67
Richmond/Norfolk,2018-02-11 0:00,Conventional,1.01,292742.42,73304.78,95360.46,1648.41,122428.77,107274.6,14805.83,348.34
Richmond/Norfolk,2018-02-18 0:00,Conventional,1.18,237767.01,52314.98,78322.91,1685,105444.12,85472.15,18198.64,1773.33
Richmond/Norfolk,2018-02-25 0:00,Conventional,1.13,277107.48,75032.02,85267.7,1914.32,114893.44,98624.54,15568.9,700
Richmond/Norfolk,2018-03-04 0:00,Conventional,1.14,289118.6,69170.11,83513.89,1792.21,134642.39,115639.95,18714.11,288.33
Richmond/Norfolk,2018-03-11 0:00,Conventional,1,345645.83,95991.36,94894.74,1776.1,152983.63,139363.88,13327.83,291.92
Richmond/Norfolk,2018-03-18 0:00,Conventional,0.98,365038.23,82914.3,97133,1515.48,183475.45,169506.35,12586.56,1382.54
Richmond/Norfolk,2018-03-25 0:00,Conventional,1.1,316217.11,77628.91,88215.28,1928.8,148444.12,135644.21,11246.17,1553.74
Richmond/Norfolk,2018-04-01 0:00,Conventional,1.14,296053.01,54325.88,99563.57,1940.52,140223.04,115848.07,24118.94,256.03
Richmond/Norfolk,2018-04-08 0:00,Conventional,0.99,318891.34,73134.65,91961.75,2597.54,151197.4,125172.17,25871.9,153.33
Richmond/Norfolk,2018-04-15 0:00,Conventional,1.01,333441.81,70622.83,107175.07,2651.69,152992.22,135544.45,16047.77,1400
Richmond/Norfolk,2018-04-22 0:00,Conventional,1.19,295719.93,61496.12,98523.31,2578.29,133122.21,113238.59,17450.29,2433.33
Richmond/Norfolk,2018-04-29 0:00,Conventional,1.18,325216.56,58386.1,115451.21,2746.82,148632.43,125042.82,23312.94,276.67
Richmond/Norfolk,2018-05-06 0:00,Conventional,0.81,574105.16,122473.52,200689.91,2706.88,248234.85,206040.49,41594.36,600
Richmond/Norfolk,2018-05-13 0:00,Conventional,0.96,373616.78,82833.56,111125.55,2218.49,177439.18,152196.88,24908.97,333.33
Richmond/Norfolk,2018-05-20 0:00,Conventional,0.87,378680.21,88914.78,153086.49,2584.31,134094.63,110047.31,23813.99,233.33
Richmond/Norfolk,2018-05-27 0:00,Conventional,1.11,343527.59,76849.98,108921.64,3198.39,154557.58,126575.71,27688.54,293.33
Richmond/Norfolk,2018-06-03 0:00,Conventional,1.14,333891.1,76075.24,105318.29,2296.18,150201.39,121095.89,28885.5,220
Richmond/Norfolk,2018-06-10 0:00,Conventional,1.09,344937.56,93287.81,116325.27,1675.29,133649.19,102173.28,31319.24,156.67
Richmond/Norfolk,2018-06-17 0:00,Conventional,1.16,328987.45,78826.18,88667.95,1841.82,159651.5,128783.22,30784.95,83.33
Richmond/Norfolk,2018-06-24 0:00,Conventional,1.14,304885.16,66073.52,81327.69,1720.1,155763.85,130722.81,24777.71,263.33
Richmond/Norfolk,2018-07-01 0:00,Conventional,1.15,309863.31,68664.34,89305.96,2180.23,149712.78,120016.4,28069.72,1626.66
Richmond/Norfolk,2018-07-08 0:00,Conventional,1.05,333988.57,82139.87,85581.96,2219.23,164047.51,135543.4,25180.77,3323.34
Richmond/Norfolk,2018-07-15 0:00,Conventional,1,314452.49,80819.73,82506.37,2028.51,149097.88,127684.52,18970.03,2443.33
Richmond/Norfolk,2018-07-22 0:00,Conventional,1.12,275956.72,69978.2,68320.61,2227.64,135430.27,111233.81,21736.46,2460
Richmond/Norfolk,2018-07-29 0:00,Conventional,1.16,276577.46,68709.92,68056.94,1695.98,138114.62,117774.44,17605.74,2734.44
Richmond/Norfolk,2018-08-05 0:00,Conventional,1.13,297564.23,75029.63,76909.46,1701.62,143923.52,119243.85,22176.34,2503.33
Richmond/Norfolk,2018-08-12 0:00,Conventional,0.94,339872.06,90173.52,72376.51,2155.2,175166.83,148629.38,23024.12,3513.33
Richmond/Norfolk,2018-08-19 0:00,Conventional,1,331140.39,87326.19,73841.76,2207.02,167765.42,140778.92,23409.83,3576.67
Richmond/Norfolk,2018-08-26 0:00,Conventional,1.17,287678.96,73063.6,72149.21,1986.95,140479.2,118919.58,18532.95,3026.67
Richmond/Norfolk,2018-09-02 0:00,Conventional,1.21,299569.72,74239.85,76588.73,2237.48,146503.66,118027.4,24912.92,3563.34
Richmond/Norfolk,2018-09-09 0:00,Conventional,1.25,288141.72,67919.77,72256.12,2261.54,145704.29,118646.41,22917.88,4140
Richmond/Norfolk,2018-09-16 0:00,Conventional,1.21,275503.22,65855.92,70405.79,2026.91,137214.6,110704.93,24383.01,2126.66
Richmond/Norfolk,2018-09-23 0:00,Conventional,1.19,252304.44,60135.65,60104.58,2895.03,129169.18,100600.22,24678.96,3890
Richmond/Norfolk,2018-09-30 0:00,Conventional,1.15,253759.24,65335.02,60275.66,2227.71,125920.85,102299.67,21432.29,2188.89
Richmond/Norfolk,2018-10-07 0:00,Conventional,1.12,273856.89,72460.2,64582.53,2384.97,134429.19,109835.22,24592.86,1.11
Richmond/Norfolk,2018-10-14 0:00,Conventional,1.09,261319,67889.81,61663.03,2128.11,129638.05,105591.98,24046.07,0
Richmond/Norfolk,2018-10-21 0:00,Conventional,1.03,264866.07,91037.55,63281.13,2207.02,108340.37,88117.2,20219.84,3.33
Richmond/Norfolk,2018-10-28 0:00,Conventional,1.01,252272.56,66669.71,58356.82,1745.57,125500.46,101779.22,23721.24,0
Richmond/Norfolk,2018-11-04 0:00,Conventional,0.99,277849.8,81350.22,60797.74,1887.47,133814.37,108247.74,25564.41,2.22
Richmond/Norfolk,2018-11-11 0:00,Conventional,0.96,281852.15,92889.73,66474.54,1722.36,120765.52,102855.12,17907.07,3.33
Richmond/Norfolk,2018-11-18 0:00,Conventional,1.06,228268.56,62125.44,59956.04,1276.23,104910.85,85074.47,19829.71,6.67
Richmond/Norfolk,2018-11-25 0:00,Conventional,1.09,197178.86,44945.94,58628.64,1321.27,92283.01,70527.55,21755.46,0
Richmond/Norfolk,2018-12-02 0:00,Conventional,1.13,215753.44,53850.36,54170.73,1366.97,106365.38,78214.33,28147.72,3.33
West Tex/New Mexico,2018-01-01 0:00,Conventional,0.89,727024.03,347248.16,158559.97,5628.28,215587.62,78402.09,137088.87,96.66
West Tex/New Mexico,2018-01-07 0:00,Conventional,0.88,880266.52,436282.38,178669.53,9467.11,255847.5,99686.92,155870.58,290
West Tex/New Mexico,2018-01-14 0:00,Conventional,0.9,950954.6,463945.73,188126.02,11227.47,287655.38,125408.69,162040.02,206.67
West Tex/New Mexico,2018-01-21 0:00,Conventional,0.84,1020913.2,505263.29,177911.4,9468.95,328269.56,118978.5,209131.06,160
West Tex/New Mexico,2018-01-28 0:00,Conventional,0.85,957086.16,479147.93,179489.19,7314.98,291134.06,143430.96,147376.43,326.67
West Tex/New Mexico,2018-02-04 0:00,Conventional,0.76,1272039.8,531469.08,368948.26,13078.2,358544.26,127833.03,229786.03,925.2
West Tex/New Mexico,2018-02-11 0:00,Conventional,0.75,1071952.06,544075.54,189862.1,7194.15,330820.27,113338.76,215753.74,1727.77
West Tex/New Mexico,2018-02-18 0:00,Conventional,0.89,896808.98,421321.21,191798.82,10065.33,273623.62,130348.75,140202.81,3072.06
West Tex/New Mexico,2018-02-25 0:00,Conventional,0.88,895671.55,431217.01,171532.79,10590.75,282331,125973.31,147040.26,9317.43
West Tex/New Mexico,2018-03-04 0:00,Conventional,0.88,935934.1,454269.43,164856.57,9907.85,306900.25,164965.35,138399.68,3535.22
West Tex/New Mexico,2018-03-11 0:00,Conventional,0.94,897607.12,467501.55,154130.63,11380.26,264594.68,152380.6,110322.16,1891.92
West Tex/New Mexico,2018-03-18 0:00,Conventional,0.88,855251.17,457635.79,137597.04,8422.08,251596.26,151191.85,98535.6,1868.81
West Tex/New Mexico,2018-03-25 0:00,Conventional,0.84,965185.06,438526.12,199585.9,11017.42,316055.62,153009.89,160999.1,2046.63
West Tex/New Mexico,2018-04-01 0:00,Conventional,0.86,1008844.52,451622.94,219433.23,14668.03,323120.32,161070.38,159843.26,2206.68
West Tex/New Mexico,2018-04-08 0:00,Conventional,0.83,932050.72,448080.45,217515.37,10428.78,256026.12,151092.59,102860.2,2073.33
West Tex/New Mexico,2018-04-15 0:00,Conventional,0.83,988093.75,481993.02,165592.75,9908.7,330599.28,161527.15,166951.02,2121.11
West Tex/New Mexico,2018-04-22 0:00,Conventional,0.81,1084508.39,485837.02,238638.82,12623.93,347408.62,133774.33,211135.45,2498.84
West Tex/New Mexico,2018-04-29 0:00,Conventional,0.84,971399.59,487558.2,157514.77,9682.25,316644.37,166527.06,147615.09,2502.22
West Tex/New Mexico,2018-05-06 0:00,Conventional,0.79,1214824.11,522254.44,308178.4,17432.48,366958.79,163758.04,200547.42,2653.33
West Tex/New Mexico,2018-05-13 0:00,Conventional,0.76,1076566.93,561984.4,183658.67,9769.63,321154.23,165953.17,152639.95,2561.11
West Tex/New Mexico,2018-05-20 0:00,Conventional,0.82,1016802.97,561776.76,162275.81,13301.9,279448.5,166318.97,110933.29,2196.24
West Tex/New Mexico,2018-05-27 0:00,Conventional,0.86,1072098.57,518796.88,212676.1,12976.4,327649.19,149735.92,175544.38,2368.89
West Tex/New Mexico,2018-06-03 0:00,Conventional,0.82,1016611.05,542364.11,156748.64,7327.49,310170.81,156422.71,151453.66,2294.44
West Tex/New Mexico,2018-06-10 0:00,Conventional,0.83,968137.9,529324.13,141589.57,7896.77,289327.43,162580.81,123854.4,2892.22
West Tex/New Mexico,2018-06-17 0:00,Conventional,0.78,1057469.75,560995.56,224323.04,7480.1,264671.05,149693.97,114157.08,820
West Tex/New Mexico,2018-06-24 0:00,Conventional,0.78,1056997.45,513029.78,204547.61,5861.45,333558.61,159175.16,173565.67,817.78
West Tex/New Mexico,2018-07-01 0:00,Conventional,0.78,1055775.13,461749.94,216136.08,25067.72,352821.39,183777.4,166461.47,2582.52
West Tex/New Mexico,2018-07-08 0:00,Conventional,0.85,1077981.04,501279.28,190039.8,32270.92,354391.04,190537.16,162718.59,1135.29
West Tex/New Mexico,2018-07-15 0:00,Conventional,0.84,967488.59,458396.62,155847.49,39671.61,313572.87,179878.82,133071.83,622.22
West Tex/New Mexico,2018-07-22 0:00,Conventional,0.83,995524.93,402350.92,206297.99,49676.53,337199.49,162161.03,174615.13,423.33
West Tex/New Mexico,2018-07-29 0:00,Conventional,0.88,924343.07,377736.95,201436.93,26662.31,318506.88,129635.91,188370.97,500
West Tex/New Mexico,2018-08-05 0:00,Conventional,0.87,997635.06,420878,193420.12,31451.01,351885.93,136268,215231.27,386.66
West Tex/New Mexico,2018-08-12 0:00,Conventional,0.89,893145,406414.45,160819.65,30833.73,295077.17,142117.42,152475.37,484.38
West Tex/New Mexico,2018-08-19 0:00,Conventional,0.89,943309.67,374650.55,173339.22,69362.11,325957.79,168722.25,156708.35,527.19
West Tex/New Mexico,2018-08-26 0:00,Conventional,0.93,821054.48,392103.72,126199.3,33609.41,269142.05,127725.12,141090.53,326.4
West Tex/New Mexico,2018-09-02 0:00,Conventional,1.04,739236.23,356179.45,111770.12,36937.12,234349.54,140106.14,93962.85,280.55
West Tex/New Mexico,2018-09-09 0:00,Conventional,1.02,753395.57,370288.85,128896.54,27831.12,226379.06,124126.78,101891.36,360.92
West Tex/New Mexico,2018-09-16 0:00,Conventional,1.06,653087.92,314055.97,91822.68,28164.95,219044.32,130499.36,88272.02,272.94
West Tex/New Mexico,2018-09-23 0:00,Conventional,1.03,692147.24,305953.41,101872.18,30912.64,253409.01,165706.98,87352.03,350
West Tex/New Mexico,2018-09-30 0:00,Conventional,0.98,687143.86,278964.58,104799.41,31044.55,272335.32,173833.83,96153.79,2347.7
West Tex/New Mexico,2018-10-07 0:00,Conventional,0.95,755901.37,305786.48,112886.01,26158.56,311070.32,173514.28,124538.26,13017.78
West Tex/New Mexico,2018-10-14 0:00,Conventional,0.96,707885.15,294953.26,94661.73,32160.92,286109.24,168590.68,104226.34,13292.22
West Tex/New Mexico,2018-10-21 0:00,Conventional,0.92,711690.87,306602.94,91468.21,31663.01,281956.71,183786.98,88176.39,9993.34
West Tex/New Mexico,2018-10-28 0:00,Conventional,0.91,727029.65,298031.45,106597.31,38616.73,283784.16,185327.69,97625.36,831.11
West Tex/New Mexico,2018-11-04 0:00,Conventional,0.91,716356.01,300410.93,128309.43,17547.92,270087.73,176831.34,93253.06,3.33
West Tex/New Mexico,2018-11-11 0:00,Conventional,0.83,806144.62,353930.07,147869.96,10770.19,293574.4,151148.4,142426,0
West Tex/New Mexico,2018-11-18 0:00,Conventional,0.91,605836.96,245533.66,110258.65,7475.48,242569.17,138310.62,104238.55,20
West Tex/New Mexico,2018-11-25 0:00,Conventional,1.11,382424.48,156956.61,80623.2,11368.77,133475.9,79444.97,53990.3,40.63
West Tex/New Mexico,2018-12-02 0:00,Conventional,1.01,622074.18,354454.23,93185.47,12072.66,162361.82,98704.5,63621.19,36.13
